// Jest Snapshot v1, https://goo.gl/fbAQLP

exports[`CheckBoxGroup renders correctly 1`] = `
<ForwardRef(View)
  style={
    Object {
      "flexDirection": "row",
    }
  }
>
  <ForwardRef(View)
    style={
      Object {
        "flex": 1,
      }
    }
  >
    <CheckBoxGroup
      label="Test CheckBoxGroup"
      onValueChange={[Function]}
      options={
        Array [
          Object {
            "key": "1",
            "label": "Label 1",
          },
          Object {
            "key": "2",
            "label": "Label 2",
          },
        ]
      }
      required={false}
    />
  </ForwardRef(View)>
</ForwardRef(View)>
`;
