// Jest Snapshot v1, https://goo.gl/fbAQLP

exports[`CheckBoxGroup renders correctly 1`] = `
<ForwardRef(View)
  style={
    Object {
      "marginBottom": 10,
      "marginTop": 10,
    }
  }
>
  <ForwardRef(Text)
    style={
      Object {
        "color": "#961687",
        "fontSize": 14,
      }
    }
  >
    Test CheckBoxGroup
  </ForwardRef(Text)>
  <CheckBox
    key="1"
    label="Label 1"
    onClick={[Function]}
  />
  <CheckBox
    key="2"
    label="Label 2"
    onClick={[Function]}
  />
</ForwardRef(View)>
`;
