// Jest Snapshot v1, https://goo.gl/fbAQLP

exports[`DatePicker renders correctly 1`] = `
<ForwardRef(View)
  style={
    Object {
      "flexDirection": "row",
    }
  }
>
  <ForwardRef(View)
    style={
      Object {
        "flex": 1,
      }
    }
  >
    <DatePicker
      onValueChange={[Function]}
      required={false}
      value={null}
    />
  </ForwardRef(View)>
</ForwardRef(View)>
`;
