// Jest Snapshot v1, https://goo.gl/fbAQLP

exports[`Picker renders correctly 1`] = `
<ForwardRef(View)
  style={
    Object {
      "flexDirection": "row",
    }
  }
>
  <ForwardRef(View)
    style={
      Object {
        "flex": 1,
      }
    }
  >
    <Picker
      items={
        Array [
          Object {
            "label": "Label 1",
            "value": "1",
          },
          Object {
            "label": "Label 2",
            "value": "2",
          },
        ]
      }
      onValueChange={[Function]}
      placeholder="Test Picker"
      required={false}
    />
  </ForwardRef(View)>
</ForwardRef(View)>
`;
