// Jest Snapshot v1, https://goo.gl/fbAQLP

exports[`SectionText renders correctly 1`] = `
<ForwardRef(View)
  style={
    Object {
      "marginTop": 10,
    }
  }
>
  <ForwardRef(Text)
    style={
      Object {
        "color": "#000000",
        "fontSize": 14,
      }
    }
  >
    Test SectionText
  </ForwardRef(Text)>
</ForwardRef(View)>
`;
