// Jest Snapshot v1, https://goo.gl/fbAQLP

exports[`SectionHeader renders correctly 1`] = `
<ForwardRef(View)
  style={
    Object {
      "marginTop": 20,
    }
  }
>
  <ForwardRef(Text)
    style={
      Object {
        "color": "#961687",
        "fontSize": 16,
      }
    }
  >
    TEST SECTIONHEADER
  </ForwardRef(Text)>
</ForwardRef(View)>
`;
