// Jest Snapshot v1, https://goo.gl/fbAQLP

exports[`TextInput renders correctly 1`] = `
<TextInput
  allowFontScaling={true}
  autoGrow={false}
  maxLength={350}
  multiline={false}
  placeholder="Test TextInput (Opcional)"
  required={false}
  style={
    Array [
      Object {
        "alignItems": "flex-start",
        "borderBottomColor": "#91508c",
        "borderBottomWidth": 1,
        "borderWidth": 0,
        "height": 30,
        "margin": 0,
        "marginBottom": 10,
        "marginTop": 10,
      },
    ]
  }
/>
`;
